[www.sundaybarbers.com/homepage-1595.html]
[backblue.gif]
[fade.gif]
[index.html]
[use.fontawesome.com/releases/v5.15.4/css/regular.css]
[use.fontawesome.com/releases/v5.15.4/css/solid.css]
[use.fontawesome.com/releases/v5.15.4/css/brands.css]
[storage.googleapis.com/msgsndr/Hc6ANtxmiWctVMQLvqwx/media/64caf7e6777dba6a30c3a158.png]
[images.leadconnectorhq.com/image/f_webp/q_80/r_480/u_https_/assets.cdn.filesafe.space/Hc6ANtxmiWctVMQLvqwx/media/799073275c62d7a1668e1fe03a194016_480_80.webp]
[images.leadconnectorhq.com/image/f_webp/q_80/r_768/u_https_/assets.cdn.filesafe.space/Hc6ANtxmiWctVMQLvqwx/media/dc9b5433b3ba1cc16826ed3418fb2bb5_768_80.webp]
[images.leadconnectorhq.com/image/f_webp/q_80/r_1200/u_https_/assets.cdn.filesafe.space/Hc6ANtxmiWctVMQLvqwx/media/a179640925871544ffd5bca70006ada2_1200_80.webp]
[images.leadconnectorhq.com/image/f_webp/q_80/r_480/u_https_/assets.cdn.filesafe.space/Hc6ANtxmiWctVMQLvqwx/media/7e2dc3117f4fec1aeb86dc1d5a637751_480_80.webp]
[images.leadconnectorhq.com/image/f_webp/q_80/r_768/u_https_/assets.cdn.filesafe.space/Hc6ANtxmiWctVMQLvqwx/media/fbd2fe194e0d3c1375c5046e3079d06a_768_80.webp]
[images.leadconnectorhq.com/image/f_webp/q_80/r_1200/u_https_/assets.cdn.filesafe.space/Hc6ANtxmiWctVMQLvqwx/media/e4ac37c04d9aba5672bc26b5d43a6677_1200_80.webp]
[stcdn.leadconnectorhq.com/intl-tel-input/17.0.12/img/flags.png]
[stcdn.leadconnectorhq.com/_preview/StoreNavCartElement.aa948ce9.css]
[stcdn.leadconnectorhq.com/_preview/entry.7a41e7c5.js]
[stcdn.leadconnectorhq.com/_preview/default.8f81be52.js]
[stcdn.leadconnectorhq.com/_preview/index.7728e541.js]
[stcdn.leadconnectorhq.com/_preview/NavMenu.b548c9fc.js]
[stcdn.leadconnectorhq.com/_preview/helpers.50520399.js]
[stcdn.leadconnectorhq.com/_preview/index.f268050a.js]
[stcdn.leadconnectorhq.com/_preview/HLConst.f48fdde4.js]
[stcdn.leadconnectorhq.com/_preview/index.95960bb2.js]
[stcdn.leadconnectorhq.com/_preview/HLImage.vue.9b6d9fa8.js]
[stcdn.leadconnectorhq.com/_preview/client-only.145cbe4d.js]
[stcdn.leadconnectorhq.com/_preview/HtmlPreview.vue.b5168484.js]
[stcdn.leadconnectorhq.com/_preview/Attributions.a88a0b8c.js]
[stcdn.leadconnectorhq.com/_preview/FunnelServices.5a3a982b.js]
[stcdn.leadconnectorhq.com/_preview/currency_helper.4623e3e9.js]
[stcdn.leadconnectorhq.com/_preview/StoreNavCartElement.vue.9230e287.js]
[stcdn.leadconnectorhq.com/_preview/TextRenderer.a059ba7c.js]
[stcdn.leadconnectorhq.com/_preview/HLImage.51b7ae87.js]
[stcdn.leadconnectorhq.com/_preview/Button.a2966a27.js]
[stcdn.leadconnectorhq.com/_preview/MoonLoader.vue.521f3212.js]
[stcdn.leadconnectorhq.com/_preview/funnel_event_helper.c4317f7c.js]
[stcdn.leadconnectorhq.com/_preview/PaymentServices.973e92ac.js]
[stcdn.leadconnectorhq.com/_preview/orderform_helpers.3e3258d7.js]
[stcdn.leadconnectorhq.com/_preview/ImageFeature.edc3eb42.js]
[stcdn.leadconnectorhq.com/_preview/FAQ.f0c63921.js]
[images.leadconnectorhq.com/image/f_webp/q_80/r_900/u_https_/assets.cdn.filesafe.space/Hc6ANtxmiWctVMQLvqwx/media/80afe16c3e3a03e99fc3821d4b457b33_900_80.webp]
[images.leadconnectorhq.com/image/f_webp/q_80/r_768/u_https_/assets.cdn.filesafe.space/Hc6ANtxmiWctVMQLvqwx/media/7e0c0e8a0902b66d92975e975ec94729_768_80.webp]
[images.leadconnectorhq.com/image/f_webp/q_80/r_640/u_https_/assets.cdn.filesafe.space/Hc6ANtxmiWctVMQLvqwx/media/101d4e6ba1053c463156b886c50ef4fb_640_80.webp]
[images.leadconnectorhq.com/image/f_webp/q_80/r_480/u_https_/assets.cdn.filesafe.space/Hc6ANtxmiWctVMQLvqwx/media/21cd242a6be98efe0af84931903e4a11_480_80.webp]
[images.leadconnectorhq.com/image/f_webp/q_80/r_320/u_https_/assets.cdn.filesafe.space/Hc6ANtxmiWctVMQLvqwx/media/7a1abcd8d0c13eb07b6026ff7cc04cf2_320_80.webp]
[images.leadconnectorhq.com/image/f_webp/q_80/r_1200/u_https_/assets.cdn.filesafe.space/Hc6ANtxmiWctVMQLvqwx/media/f0e102394ffcf581ab3570fdabbd97ad_1200_80.webp]
[images.leadconnectorhq.com/image/f_webp/q_80/r_900/u_https_/assets.cdn.filesafe.space/Hc6ANtxmiWctVMQLvqwx/media/dcf5ab972684dc4580f94618271eac9c_900_80.webp]
[images.leadconnectorhq.com/image/f_webp/q_80/r_768/u_https_/assets.cdn.filesafe.space/Hc6ANtxmiWctVMQLvqwx/media/307665f895bd0222cb64938410dd2564_768_80.webp]
[images.leadconnectorhq.com/image/f_webp/q_80/r_640/u_https_/assets.cdn.filesafe.space/Hc6ANtxmiWctVMQLvqwx/media/89b85424a4c180d4ee4d26491a2dbc36_640_80.webp]
[images.leadconnectorhq.com/image/f_webp/q_80/r_480/u_https_/assets.cdn.filesafe.space/Hc6ANtxmiWctVMQLvqwx/media/9ba474a9673a190e644da0cf60388f7b_480_80.webp]
[images.leadconnectorhq.com/image/f_webp/q_80/r_320/u_https_/assets.cdn.filesafe.space/Hc6ANtxmiWctVMQLvqwx/media/ececdd2504fabea18c2efa7de328c38e_320_80.webp]
[images.leadconnectorhq.com/image/f_webp/q_80/r_1200/u_https_/assets.cdn.filesafe.space/Hc6ANtxmiWctVMQLvqwx/media/4b189c1a21d7061fec630883b21f7398_1200_80.webp]
[images.leadconnectorhq.com/image/f_webp/q_80/r_900/u_https_/assets.cdn.filesafe.space/Hc6ANtxmiWctVMQLvqwx/media/c19403ca6e5566f8ec5e5e11ec788d7c_900_80.webp]
[images.leadconnectorhq.com/image/f_webp/q_80/r_768/u_https_/assets.cdn.filesafe.space/Hc6ANtxmiWctVMQLvqwx/media/eb67209f4a1340da8a5005003424b55e_768_80.webp]
[images.leadconnectorhq.com/image/f_webp/q_80/r_640/u_https_/assets.cdn.filesafe.space/Hc6ANtxmiWctVMQLvqwx/media/e6f79edf73d133ea186404460ac94457_640_80.webp]
[images.leadconnectorhq.com/image/f_webp/q_80/r_480/u_https_/assets.cdn.filesafe.space/Hc6ANtxmiWctVMQLvqwx/media/d1b8e5580b8cab11872c46693689ef25_480_80.webp]
[images.leadconnectorhq.com/image/f_webp/q_80/r_320/u_https_/assets.cdn.filesafe.space/Hc6ANtxmiWctVMQLvqwx/media/315c687e7b0f201ee463364477146cca_320_80.webp]
[images.leadconnectorhq.com/image/f_webp/q_80/r_1200/u_https_/assets.cdn.filesafe.space/Hc6ANtxmiWctVMQLvqwx/media/2e22fbeb904517fab1b606defe7dd4e9_1200_80.webp]
[images.leadconnectorhq.com/image/f_webp/q_80/r_900/u_https_/assets.cdn.filesafe.space/Hc6ANtxmiWctVMQLvqwx/media/2397eb8b7ba211a55b90eb906cd5811d_900_80.webp]
[images.leadconnectorhq.com/image/f_webp/q_80/r_768/u_https_/assets.cdn.filesafe.space/Hc6ANtxmiWctVMQLvqwx/media/90eb801d7ce47d6f5b00262b1896ff37_768_80.webp]
[images.leadconnectorhq.com/image/f_webp/q_80/r_640/u_https_/assets.cdn.filesafe.space/Hc6ANtxmiWctVMQLvqwx/media/2c4b4750ec8204a623d2e50ca2e79fb2_640_80.webp]
[images.leadconnectorhq.com/image/f_webp/q_80/r_480/u_https_/assets.cdn.filesafe.space/Hc6ANtxmiWctVMQLvqwx/media/68df87b679a0f607e443ff69e55baaf0_480_80.webp]
[images.leadconnectorhq.com/image/f_webp/q_80/r_320/u_https_/assets.cdn.filesafe.space/Hc6ANtxmiWctVMQLvqwx/media/7f3b861993a6a41e4b9d183261414410_320_80.webp]
[images.leadconnectorhq.com/image/f_webp/q_80/r_1200/u_https_/assets.cdn.filesafe.space/Hc6ANtxmiWctVMQLvqwx/media/9c9e8017ff32905a8adb4fb19e2fe24f_1200_80.webp]
[images.leadconnectorhq.com/image/f_webp/q_80/r_900/u_https_/assets.cdn.filesafe.space/Hc6ANtxmiWctVMQLvqwx/media/5e639fc9a173ee4cca52699d75638fe8_900_80.webp]
[images.leadconnectorhq.com/image/f_webp/q_80/r_768/u_https_/assets.cdn.filesafe.space/Hc6ANtxmiWctVMQLvqwx/media/eb4fcaea16426bcbab51a87652c6df4a_768_80.webp]
[images.leadconnectorhq.com/image/f_webp/q_80/r_640/u_https_/assets.cdn.filesafe.space/Hc6ANtxmiWctVMQLvqwx/media/d2f3962a07be991ac294f757dc1e27e2_640_80.webp]
[images.leadconnectorhq.com/image/f_webp/q_80/r_480/u_https_/assets.cdn.filesafe.space/Hc6ANtxmiWctVMQLvqwx/media/b38ae91706ba1c2d28b52cea1c425488_480_80.webp]
[images.leadconnectorhq.com/image/f_webp/q_80/r_320/u_https_/assets.cdn.filesafe.space/Hc6ANtxmiWctVMQLvqwx/media/b42b92c7ea176fc427e4222f9c040378_320_80.webp]
[images.leadconnectorhq.com/image/f_webp/q_80/r_1200/u_https_/assets.cdn.filesafe.space/Hc6ANtxmiWctVMQLvqwx/media/f30020d2292edf608d840d27a82aff13_1200_80.webp]
[images.leadconnectorhq.com/image/f_webp/q_80/r_900/u_https_/assets.cdn.filesafe.space/Hc6ANtxmiWctVMQLvqwx/media/6c789125fd8c344bf70d4bc6f8f0c024_900_80.webp]
[images.leadconnectorhq.com/image/f_webp/q_80/r_768/u_https_/assets.cdn.filesafe.space/Hc6ANtxmiWctVMQLvqwx/media/1f961e96c4c0ec421befc518c4282cab_768_80.webp]
[images.leadconnectorhq.com/image/f_webp/q_80/r_640/u_https_/assets.cdn.filesafe.space/Hc6ANtxmiWctVMQLvqwx/media/c8e4bd7e70abbc8e91ae904803b23261_640_80.webp]
[images.leadconnectorhq.com/image/f_webp/q_80/r_480/u_https_/assets.cdn.filesafe.space/Hc6ANtxmiWctVMQLvqwx/media/6da72fd68c1a89bed9a00fdcab91b899_480_80.webp]
[images.leadconnectorhq.com/image/f_webp/q_80/r_320/u_https_/assets.cdn.filesafe.space/Hc6ANtxmiWctVMQLvqwx/media/cae8c1a46e672c1f55bd2575f16481f6_320_80.webp]
[images.leadconnectorhq.com/image/f_webp/q_80/r_1200/u_https_/assets.cdn.filesafe.space/Hc6ANtxmiWctVMQLvqwx/media/e59f8970a1d4416b166ce87f8cbd0a2a_1200_80.webp]
[images.leadconnectorhq.com/image/f_webp/q_80/r_900/u_https_/assets.cdn.filesafe.space/Hc6ANtxmiWctVMQLvqwx/media/9c61480ec90d4adc93f75476c107568c_900_80.webp]
[images.leadconnectorhq.com/image/f_webp/q_80/r_768/u_https_/assets.cdn.filesafe.space/Hc6ANtxmiWctVMQLvqwx/media/7c5dfe1065553013778169176c07a779_768_80.webp]
[images.leadconnectorhq.com/image/f_webp/q_80/r_640/u_https_/assets.cdn.filesafe.space/Hc6ANtxmiWctVMQLvqwx/media/5b6dfa62a598ce92e2880bdb3aa535ee_640_80.webp]
[images.leadconnectorhq.com/image/f_webp/q_80/r_480/u_https_/assets.cdn.filesafe.space/Hc6ANtxmiWctVMQLvqwx/media/48d2f18fe2a943bad47ba2ed34efd636_480_80.webp]
[images.leadconnectorhq.com/image/f_webp/q_80/r_320/u_https_/assets.cdn.filesafe.space/Hc6ANtxmiWctVMQLvqwx/media/b544937e0bda2e124ffa53203b393588_320_80.webp]
[images.leadconnectorhq.com/image/f_webp/q_80/r_1200/u_https_/assets.cdn.filesafe.space/Hc6ANtxmiWctVMQLvqwx/media/e2ab8c4ac2a8a4964c4419c6b5086802_1200_80.webp]
[images.leadconnectorhq.com/image/f_webp/q_80/r_900/u_https_/assets.cdn.filesafe.space/Hc6ANtxmiWctVMQLvqwx/media/fea4a159b5a14652706c1abbb30d18dd_900_80.webp]
[images.leadconnectorhq.com/image/f_webp/q_80/r_768/u_https_/assets.cdn.filesafe.space/Hc6ANtxmiWctVMQLvqwx/media/2257929cbce8952964c573494fa36b5f_768_80.webp]
[images.leadconnectorhq.com/image/f_webp/q_80/r_640/u_https_/assets.cdn.filesafe.space/Hc6ANtxmiWctVMQLvqwx/media/4d951487ad9ab6a0862f6eaa86eaa723_640_80.webp]
[images.leadconnectorhq.com/image/f_webp/q_80/r_480/u_https_/assets.cdn.filesafe.space/Hc6ANtxmiWctVMQLvqwx/media/094823e937ced4fc8edb79ca921abf70_480_80.webp]
[images.leadconnectorhq.com/image/f_webp/q_80/r_320/u_https_/assets.cdn.filesafe.space/Hc6ANtxmiWctVMQLvqwx/media/607d00f2d3999753db12f7958ca078bc_320_80.webp]
[images.leadconnectorhq.com/image/f_webp/q_80/r_1200/u_https_/assets.cdn.filesafe.space/Hc6ANtxmiWctVMQLvqwx/media/4db5f1583ab437c49ff14e78aa0f9203_1200_80.webp]
[images.leadconnectorhq.com/image/f_webp/q_80/r_900/u_https_/assets.cdn.filesafe.space/Hc6ANtxmiWctVMQLvqwx/media/f03a30f1563b72e4d1624bca832ecc07_900_80.webp]
[images.leadconnectorhq.com/image/f_webp/q_80/r_768/u_https_/assets.cdn.filesafe.space/Hc6ANtxmiWctVMQLvqwx/media/6ba7b063f5257720c6ce874e225f2496_768_80.webp]
[images.leadconnectorhq.com/image/f_webp/q_80/r_640/u_https_/assets.cdn.filesafe.space/Hc6ANtxmiWctVMQLvqwx/media/19cfde08fda51e1f3a611e9b5a42e739_640_80.webp]
[images.leadconnectorhq.com/image/f_webp/q_80/r_480/u_https_/assets.cdn.filesafe.space/Hc6ANtxmiWctVMQLvqwx/media/2640405aa95de45697f53c89173cf0e7_480_80.webp]
[images.leadconnectorhq.com/image/f_webp/q_80/r_320/u_https_/assets.cdn.filesafe.space/Hc6ANtxmiWctVMQLvqwx/media/256123aea00e6fbd6edfaed017f40cb6_320_80.webp]
[images.leadconnectorhq.com/image/f_webp/q_80/r_1200/u_https_/assets.cdn.filesafe.space/Hc6ANtxmiWctVMQLvqwx/media/b39ba0c50418b28ceaa5328383c9dcc1_1200_80.webp]
[images.leadconnectorhq.com/image/f_webp/q_80/r_900/u_https_/assets.cdn.filesafe.space/Hc6ANtxmiWctVMQLvqwx/media/19e3c67c80e1a02108e42b68f199f35b_900_80.webp]
[images.leadconnectorhq.com/image/f_webp/q_80/r_768/u_https_/assets.cdn.filesafe.space/Hc6ANtxmiWctVMQLvqwx/media/2e0211563f1d8ad7a2f5445d36beffbc_768_80.webp]
[images.leadconnectorhq.com/image/f_webp/q_80/r_640/u_https_/assets.cdn.filesafe.space/Hc6ANtxmiWctVMQLvqwx/media/1e9279e24f0aef4c90c75dcf338c483e_640_80.webp]
[images.leadconnectorhq.com/image/f_webp/q_80/r_480/u_https_/assets.cdn.filesafe.space/Hc6ANtxmiWctVMQLvqwx/media/b215a013a4eaaad72afbe8bdb23e3f91_480_80.webp]
[images.leadconnectorhq.com/image/f_webp/q_80/r_320/u_https_/assets.cdn.filesafe.space/Hc6ANtxmiWctVMQLvqwx/media/a60d9dd1435c231cc48cff6886e5fa2a_320_80.webp]
[images.leadconnectorhq.com/image/f_webp/q_80/r_1200/u_https_/assets.cdn.filesafe.space/Hc6ANtxmiWctVMQLvqwx/media/7ca3a20a5affaacce164623524698bac_1200_80.webp]
[images.leadconnectorhq.com/image/f_webp/q_80/r_900/u_https_/assets.cdn.filesafe.space/Hc6ANtxmiWctVMQLvqwx/media/668852a6909bb053766fef5d4f844a45_900_80.webp]
[images.leadconnectorhq.com/image/f_webp/q_80/r_768/u_https_/assets.cdn.filesafe.space/Hc6ANtxmiWctVMQLvqwx/media/9768c2bfb29bd664968a820fbee5c2ce_768_80.webp]
[images.leadconnectorhq.com/image/f_webp/q_80/r_640/u_https_/assets.cdn.filesafe.space/Hc6ANtxmiWctVMQLvqwx/media/0ea1df4ec604b777b34e48220bc90054_640_80.webp]
[images.leadconnectorhq.com/image/f_webp/q_80/r_480/u_https_/assets.cdn.filesafe.space/Hc6ANtxmiWctVMQLvqwx/media/79a87441a25376bf4455f6b94ca4d7b3_480_80.webp]
[images.leadconnectorhq.com/image/f_webp/q_80/r_320/u_https_/assets.cdn.filesafe.space/Hc6ANtxmiWctVMQLvqwx/media/82071b2dd5366cbcba78abef35d32aa6_320_80.webp]
[images.leadconnectorhq.com/image/f_webp/q_80/r_1200/u_https_/assets.cdn.filesafe.space/Hc6ANtxmiWctVMQLvqwx/media/a7cabce0dce94356239eba3e06cf2cff_1200_80.webp]
[images.leadconnectorhq.com/image/f_webp/q_80/r_900/u_https_/assets.cdn.filesafe.space/Hc6ANtxmiWctVMQLvqwx/media/64de768141c8017b3c05a152a3dddf62_900_80.webp]
[images.leadconnectorhq.com/image/f_webp/q_80/r_768/u_https_/assets.cdn.filesafe.space/Hc6ANtxmiWctVMQLvqwx/media/53f2df8a7e5f757f9da1d66ff00e2ced_768_80.webp]
[images.leadconnectorhq.com/image/f_webp/q_80/r_640/u_https_/assets.cdn.filesafe.space/Hc6ANtxmiWctVMQLvqwx/media/9406f905acf408406b8516f227decbf7_640_80.webp]
[images.leadconnectorhq.com/image/f_webp/q_80/r_480/u_https_/assets.cdn.filesafe.space/Hc6ANtxmiWctVMQLvqwx/media/e11d7239d68e8cdb817ad185833324ad_480_80.webp]
[images.leadconnectorhq.com/image/f_webp/q_80/r_320/u_https_/assets.cdn.filesafe.space/Hc6ANtxmiWctVMQLvqwx/media/9e8c957d58b1fe3a8dbd0111667858c6_320_80.webp]
[images.leadconnectorhq.com/image/f_webp/q_80/r_1200/u_https_/assets.cdn.filesafe.space/Hc6ANtxmiWctVMQLvqwx/media/96bfe3e2906efe829f5a12f6db248963_1200_80.webp]
[images.leadconnectorhq.com/image/f_webp/q_80/r_900/u_https_/assets.cdn.filesafe.space/Hc6ANtxmiWctVMQLvqwx/media/900ddcadd079cba8bed86ec74f855ade_900_80.webp]
[images.leadconnectorhq.com/image/f_webp/q_80/r_768/u_https_/assets.cdn.filesafe.space/Hc6ANtxmiWctVMQLvqwx/media/7beb4cfabd8e2262fea7fc77c22c41ea_768_80.webp]
[images.leadconnectorhq.com/image/f_webp/q_80/r_640/u_https_/assets.cdn.filesafe.space/Hc6ANtxmiWctVMQLvqwx/media/fbc40cf967e16ea7573d4ad04d05dfb4_640_80.webp]
[images.leadconnectorhq.com/image/f_webp/q_80/r_480/u_https_/assets.cdn.filesafe.space/Hc6ANtxmiWctVMQLvqwx/media/0e733bdfcc626cc707ec0ea813ea7d11_480_80.webp]
[images.leadconnectorhq.com/image/f_webp/q_80/r_320/u_https_/assets.cdn.filesafe.space/Hc6ANtxmiWctVMQLvqwx/media/5aefc57fedbcb19da201d2bdb31aba9d_320_80.webp]
[images.leadconnectorhq.com/image/f_webp/q_80/r_1200/u_https_/assets.cdn.filesafe.space/Hc6ANtxmiWctVMQLvqwx/media/2b1a8ef8c16dec39a9d2712553b2f41e_1200_80.webp]
[sundaybarbers.resurva.com/book.html]
[www.instagram.com/SundayBarber/index.html]
[images.leadconnectorhq.com/image/f_webp/q_80/r_1200/u_https_/assets.cdn.filesafe.space/Hc6ANtxmiWctVMQLvqwx/media/1b4ce7c3ab390972928098f81a9d9ff6_1200.png]
[images.leadconnectorhq.com/image/f_webp/q_80/r_900/u_https_/assets.cdn.filesafe.space/Hc6ANtxmiWctVMQLvqwx/media/587792ca866dedd68f319b3d78e7e993_900_80.webp]
[images.leadconnectorhq.com/image/f_webp/q_80/r_768/u_https_/assets.cdn.filesafe.space/Hc6ANtxmiWctVMQLvqwx/media/a64dce41c516a369920b40cdbe429a31_768_80.webp]
[images.leadconnectorhq.com/image/f_webp/q_80/r_640/u_https_/assets.cdn.filesafe.space/Hc6ANtxmiWctVMQLvqwx/media/e2bd8408b752c804a47bc753f169c563_640_80.webp]
[images.leadconnectorhq.com/image/f_webp/q_80/r_480/u_https_/assets.cdn.filesafe.space/Hc6ANtxmiWctVMQLvqwx/media/f5b1c01fd2715af8738634002054195c_480_80.webp]
[images.leadconnectorhq.com/image/f_webp/q_80/r_320/u_https_/assets.cdn.filesafe.space/Hc6ANtxmiWctVMQLvqwx/media/63b920aad1db0af3678487bf155b3e48_320_80.webp]
[images.leadconnectorhq.com/image/f_webp/q_80/r_1200/u_https_/assets.cdn.filesafe.space/Hc6ANtxmiWctVMQLvqwx/media/59839804f049eaee1147f32def3d4f85_1200_80.webp]
[storage.googleapis.com/msgsndr/Hc6ANtxmiWctVMQLvqwx/media/64b6f370fb408bd5cd3172c7.jpg]
[storage.googleapis.com/msgsndr/Hc6ANtxmiWctVMQLvqwx/media/649c7074f85a6a798edd0d09.png]
[storage.googleapis.com/msgsndr/Hc6ANtxmiWctVMQLvqwx/media/649491c5768797290f7dee2c.png]
[storage.googleapis.com/msgsndr/Hc6ANtxmiWctVMQLvqwx/media/649491c5acec211a1b08d595.png]
[storage.googleapis.com/msgsndr/Hc6ANtxmiWctVMQLvqwx/media/649491c5c62ce82259ec8b9d.png]
[storage.googleapis.com/msgsndr/Hc6ANtxmiWctVMQLvqwx/media/64b6f370fb408b56513172c6.jpg]
[storage.googleapis.com/msgsndr/Hc6ANtxmiWctVMQLvqwx/media/64c2d8540f60b49b968775dd.jpg]
[storage.googleapis.com/msgsndr/Hc6ANtxmiWctVMQLvqwx/media/64c3218aea6e8e9e64d5577d.jpg]
[storage.googleapis.com/msgsndr/Hc6ANtxmiWctVMQLvqwx/media/eb9e2e6f-d7c1-4165-8668-5b9353a7d38b.png]
[storage.googleapis.com/msgsndr/Hc6ANtxmiWctVMQLvqwx/media/ec107113-2ecc-48c8-b8e5-a860289bb535.png]
[storage.googleapis.com/msgsndr/Hc6ANtxmiWctVMQLvqwx/media/07f436cf-f51f-41bf-8af9-c6917569fdc8.png]
[storage.googleapis.com/msgsndr/Hc6ANtxmiWctVMQLvqwx/media/dbbc70b1-c7b0-49cd-b146-6e0b8e99c6ce.png]
[storage.googleapis.com/msgsndr/Hc6ANtxmiWctVMQLvqwx/media/6494edd9cae3ba7ce2e818a6.png]
[storage.googleapis.com/msgsndr/knES3eSWYIsc5YSZ3YLl/media/62beef4f9f43b0c53e585a8f.jpg]
[storage.googleapis.com/msgsndr/Hc6ANtxmiWctVMQLvqwx/media/649c707474a7308a1666cda1.png]
[storage.googleapis.com/msgsndr/Hc6ANtxmiWctVMQLvqwx/media/8c3a2c92-c5ee-4859-8aae-dfdb1d3bf4a0.png]
[storage.googleapis.com/msgsndr/Hc6ANtxmiWctVMQLvqwx/media/64b9dd5e033b52098b797793.png]
[storage.googleapis.com/msgsndr/Hc6ANtxmiWctVMQLvqwx/media/64caa28d1adb23b2b3716793.png]
[www.sundaybarbers.com/homepage-1595.html]
[fonts.gstatic.com/index.html]
[use.fontawesome.com/releases/v5.15.4/css/regular.css]
[use.fontawesome.com/releases/v5.15.4/css/solid.css]
[use.fontawesome.com/releases/v5.15.4/css/brands.css]
[fonts.gstatic.com/s/ebgaramond/v27/SlGDmQSNjdsmc35JDF1K5E55YMjF_7DPuGi-6_RkBI96.ttf]
[fonts.gstatic.com/s/ebgaramond/v27/SlGDmQSNjdsmc35JDF1K5E55YMjF_7DPuGi-DPNkBI96.ttf]
[fonts.gstatic.com/s/lato/v24/S6uyw4BMUTPHjx4wWw.ttf]
[fonts.gstatic.com/s/lato/v24/S6u9w4BMUTPHh6UVSwiPHA.ttf]
[fonts.gstatic.com/s/montserrat/v26/JTUHjIg1_i6t8kCHKm4532VJOt5-QNFgpCtr6Hw5aX8.ttf]
[fonts.gstatic.com/s/montserrat/v26/JTUHjIg1_i6t8kCHKm4532VJOt5-QNFgpCuM73w5aX8.ttf]
[fonts.gstatic.com/s/opensans/v40/memSYaGs126MiZpBA-UvWbX2vVnXBbObj2OVZyOOSr4dVJWUgsjZ0B4gaVc.ttf]
[fonts.gstatic.com/s/opensans/v40/memSYaGs126MiZpBA-UvWbX2vVnXBbObj2OVZyOOSr4dVJWUgsg-1x4gaVc.ttf]
[fonts.gstatic.com/s/poppins/v20/pxiEyp8kv8JHgFVrJJfedw.ttf]
[fonts.googleapis.com/csscb47.css]
[stcdn.leadconnectorhq.com/_preview/StoreNavCartElement.aa948ce9.css]
[fonts.gstatic.com/s/poppins/v20/pxiByp8kv8JHgFVrLCz7Z1xlEA.ttf]
[sundaybarbers.resurva.com/book.html]
[www.instagram.com/SundayBarber/indexfef7.html]
[www.instagram.com/SundayBarber/index7d7c.html]
[www.instagram.com/SundayBarber/indexa209.html]
[www.instagram.com/SundayBarber/index0016.html]
[www.instagram.com/SundayBarber/indexde3a.html]
[www.instagram.com/SundayBarber/index0b8e.html]
[www.instagram.com/SundayBarber/index9e29.html]
[www.instagram.com/SundayBarber/indexf854.html]
[www.instagram.com/SundayBarber/index.html]
[www.instagram.com/SundayBarber/index6dd3.html]
[www.instagram.com/SundayBarber/index28b7.html]
[www.instagram.com/SundayBarber/indexc581.html]
[www.instagram.com/SundayBarber/index232e.html]
[www.instagram.com/SundayBarber/index539c.html]
[www.instagram.com/SundayBarber/indexdc29.html]
[www.instagram.com/SundayBarber/indexecc8.html]
[www.instagram.com/SundayBarber/indexaaeb.html]
[www.instagram.com/SundayBarber/indexc91a.html]
[www.instagram.com/SundayBarber/index014b.html]
[www.instagram.com/SundayBarber/index0cf2.html]
[www.instagram.com/SundayBarber/index7c40.html]
[www.instagram.com/SundayBarber/indexfef7.html]
[www.instagram.com/SundayBarber/index4017.html]
[www.instagram.com/SundayBarber/index7d7c.html]
[www.instagram.com/SundayBarber/index5a9d.html]
[www.instagram.com/SundayBarber/indexa209.html]
[www.instagram.com/SundayBarber/indexb2db.html]
[www.instagram.com/SundayBarber/index0016.html]
[www.instagram.com/SundayBarber/index9201.html]
[www.instagram.com/SundayBarber/indexde3a.html]
[www.instagram.com/SundayBarber/index1672.html]
[www.instagram.com/SundayBarber/index0b8e.html]
[www.instagram.com/SundayBarber/index5083.html]
[www.instagram.com/SundayBarber/indexf854.html]
[www.instagram.com/SundayBarber/index7a92.html]
[www.instagram.com/SundayBarber/index9e29.html]
[www.instagram.com/SundayBarber/indexc13b.html]
[www.instagram.com/SundayBarber/index232e.html]
[www.instagram.com/SundayBarber/index9e3e.html]
[www.instagram.com/SundayBarber/index28b7.html]
[www.instagram.com/SundayBarber/index9841.html]
[www.instagram.com/SundayBarber/index6dd3.html]
[www.instagram.com/SundayBarber/indexd294.html]
[www.instagram.com/SundayBarber/indexc581.html]
[www.instagram.com/SundayBarber/index0f5d.html]
[www.instagram.com/SundayBarber/index539c.html]
[www.instagram.com/SundayBarber/indexad0b.html]
[www.instagram.com/SundayBarber/indexecc8.html]
[www.instagram.com/SundayBarber/index5303.html]
[www.instagram.com/SundayBarber/indexaaeb.html]
[www.instagram.com/SundayBarber/indexdb1e.html]
[www.instagram.com/SundayBarber/indexe9b2.html]
[www.instagram.com/SundayBarber/indexdc29.html]
[www.instagram.com/SundayBarber/indexff11.html]
[www.instagram.com/SundayBarber/index014b.html]
[www.instagram.com/SundayBarber/indexf857.html]
[www.instagram.com/SundayBarber/indexc91a.html]
[www.instagram.com/SundayBarber/index882e.html]
[www.instagram.com/SundayBarber/index0cf2.html]
[www.instagram.com/SundayBarber/index6c7f.html]
[www.instagram.com/SundayBarber/index7c40.html]
[www.instagram.com/SundayBarber/index327f.html]
[www.instagram.com/SundayBarber/index4017.html]
[www.instagram.com/SundayBarber/index3a7e.html]
[www.instagram.com/SundayBarber/index5a9d.html]
[www.instagram.com/SundayBarber/index030f.html]
[www.instagram.com/SundayBarber/indexb2db.html]
[www.instagram.com/SundayBarber/indexb058.html]
[www.instagram.com/SundayBarber/index9201.html]
[www.instagram.com/SundayBarber/index9d29.html]
[www.instagram.com/SundayBarber/index1672.html]
[www.instagram.com/SundayBarber/index0fe5.html]
[www.instagram.com/SundayBarber/index5083.html]
[www.instagram.com/SundayBarber/index2a81.html]
[www.instagram.com/SundayBarber/index7a92.html]
[www.instagram.com/SundayBarber/indexc13b.html]
[www.instagram.com/SundayBarber/index9e3e.html]
[www.instagram.com/SundayBarber/index9841.html]
[www.instagram.com/SundayBarber/indexd294.html]
[www.instagram.com/SundayBarber/index0f5d.html]
[www.instagram.com/SundayBarber/indexad0b.html]
[www.instagram.com/SundayBarber/index5303.html]
[www.instagram.com/SundayBarber/android-app_/com.instagram.android/https/instagram.com/_u/SundayBarber/index.html]
[www.instagram.com/SundayBarber/indexdb1e.html]
[www.instagram.com/SundayBarber/indexe9b2.html]
[www.instagram.com/SundayBarber/indexff11.html]
[www.instagram.com/SundayBarber/indexf857.html]
[www.instagram.com/SundayBarber/index882e.html]
[www.instagram.com/SundayBarber/index6c7f.html]
[www.instagram.com/SundayBarber/index327f.html]
[www.instagram.com/SundayBarber/index3a7e.html]
[www.instagram.com/SundayBarber/index030f.html]
[www.instagram.com/SundayBarber/indexb058.html]
[www.instagram.com/SundayBarber/index9d29.html]
[www.instagram.com/SundayBarber/index0fe5.html]
[www.instagram.com/SundayBarber/index2a81.html]
[www.instagram.com/SundayBarber/indexc4e8.html]
[www.instagram.com/SundayBarber/index9c85.html]
[www.instagram.com/SundayBarber/indexcfe2.html]
[www.instagram.com/SundayBarber/index562e.html]
[www.instagram.com/SundayBarber/index241a.html]
[www.instagram.com/SundayBarber/index53ad.html]
[www.instagram.com/SundayBarber/index9d00.html]
[www.instagram.com/SundayBarber/indexf4a3.html]
[www.instagram.com/SundayBarber/indexfafd.html]
[www.instagram.com/SundayBarber/index514d.html]
[www.instagram.com/SundayBarber/android-app_/com.instagram.android/https/instagram.com/_u/SundayBarber/index.html]
[www.instagram.com/SundayBarber/theaustralian.com.au/index.html]
[www.instagram.com/SundayBarber/news.com.au/index.html]
[www.instagram.com/SundayBarber/kollosche.com.au/index.html]
[www.instagram.com/SundayBarber/awstrack.me/index.html]
[www.instagram.com/SundayBarber/NAoCSZ/index.html]
[images.leadconnectorhq.com/image/f_webp/q_80/r_900/u_https_/assets.cdn.filesafe.space/Hc6ANtxmiWctVMQLvqwx/media/8c3a2c92-c5ee-4859-8aae-dfdb1d3bf4a0.json]
[images.leadconnectorhq.com/image/f_webp/q_80/r_768/u_https_/assets.cdn.filesafe.space/Hc6ANtxmiWctVMQLvqwx/media/8c3a2c92-c5ee-4859-8aae-dfdb1d3bf4a0.json]
[images.leadconnectorhq.com/image/f_webp/q_80/r_640/u_https_/assets.cdn.filesafe.space/Hc6ANtxmiWctVMQLvqwx/media/8c3a2c92-c5ee-4859-8aae-dfdb1d3bf4a0.json]
[images.leadconnectorhq.com/image/f_webp/q_80/r_480/u_https_/assets.cdn.filesafe.space/Hc6ANtxmiWctVMQLvqwx/media/8c3a2c92-c5ee-4859-8aae-dfdb1d3bf4a0.json]
[images.leadconnectorhq.com/image/f_webp/q_80/r_320/u_https_/assets.cdn.filesafe.space/Hc6ANtxmiWctVMQLvqwx/media/8c3a2c92-c5ee-4859-8aae-dfdb1d3bf4a0.json]
